
============================================================
  Shopify Validator API  v3.1
  Port:            8080
  Workers:         14
  Pool:            500 total / 25 per host
  Site concurrency:15
  Product cache:   300s TTL
  Max price:       $8.00
  Cards file:      cards.txt
============================================================

2026-08-29 19:38:16,859 [WARNING] shopify: Shopify Validator API started pool=500/host concurrency=15/site
2026-08-29 19:38:16,986 [WARNING] shopify: Shopify Validator API started pool=500/host concurrency=15/site
2026-08-29 19:38:17,187 [WARNING] shopify: Shopify Validator API started pool=500/host concurrency=15/site
2026-08-29 19:38:17,240 [WARNING] shopify: Shopify Validator API started pool=500/host concurrency=15/site
2026-08-29 19:38:17,272 [WARNING] shopify: Shopify Validator API started pool=500/host concurrency=15/site
2026-08-29 19:38:17,335 [WARNING] shopify: Shopify Validator API started pool=500/host concurrency=15/site
2026-08-29 19:38:17,437 [WARNING] shopify: Shopify Validator API started pool=500/host concurrency=15/site
2026-08-29 19:38:17,558 [WARNING] shopify: Shopify Validator API started pool=500/host concurrency=15/site
2026-08-29 19:38:17,599 [WARNING] shopify: Shopify Validator API started pool=500/host concurrency=15/site
2026-08-29 19:38:17,786 [WARNING] shopify: Shopify Validator API started pool=500/host concurrency=15/site
2026-08-29 19:38:17,860 [WARNING] shopify: Shopify Validator API started pool=500/host concurrency=15/site
2026-08-29 19:38:17,889 [WARNING] shopify: Shopify Validator API started pool=500/host concurrency=15/site
2026-08-29 19:38:17,895 [WARNING] shopify: Shopify Validator API started pool=500/host concurrency=15/site
2026-08-29 19:38:17,907 [WARNING] shopify: Shopify Validator API started pool=500/host concurrency=15/site
